test_alert_detail_does_not_verify_tampered_or_foreign_evidence (stage0.test_product_closeout.CloseoutTests.test_alert_detail_does_not_verify_tampered_or_foreign_evidence) ... local-demo auth profile: single-patient demo principal, no real authentication; do not expose beyond localhost
D:\py\HealthAssistant\stage0\server.py:702: DeprecationWarning: 
        on_event is deprecated, use lifespan event handlers instead.

        Read more about it in the
        [FastAPI docs for Lifespan Events](https://fastapi.tiangolo.com/advanced/events/).
        
  @app.on_event("startup")
D:\py\HealthAssistant\.venv\Lib\site-packages\fastapi\applications.py:4681: DeprecationWarning: 
        on_event is deprecated, use lifespan event handlers instead.

        Read more about it in the
        [FastAPI docs for Lifespan Events](https://fastapi.tiangolo.com/advanced/events/).
        
  return self.router.on_event(event_type)  # ty: ignore[deprecated]
D:\py\HealthAssistant\stage0\server.py:707: DeprecationWarning: 
        on_event is deprecated, use lifespan event handlers instead.

        Read more about it in the
        [FastAPI docs for Lifespan Events](https://fastapi.tiangolo.com/advanced/events/).
        
  @app.on_event("shutdown")
ok
test_browser_gate_rejects_empty_or_incomplete_result (stage0.test_product_closeout.CloseoutTests.test_browser_gate_rejects_empty_or_incomplete_result) ... ok
test_capture_does_not_confuse_mode_with_corpus_version (stage0.test_product_closeout.CloseoutTests.test_capture_does_not_confuse_mode_with_corpus_version) ... local-demo auth profile: single-patient demo principal, no real authentication; do not expose beyond localhost
D:\py\HealthAssistant\stage0\server.py:702: DeprecationWarning: 
        on_event is deprecated, use lifespan event handlers instead.

        Read more about it in the
        [FastAPI docs for Lifespan Events](https://fastapi.tiangolo.com/advanced/events/).
        
  @app.on_event("startup")
D:\py\HealthAssistant\.venv\Lib\site-packages\fastapi\applications.py:4681: DeprecationWarning: 
        on_event is deprecated, use lifespan event handlers instead.

        Read more about it in the
        [FastAPI docs for Lifespan Events](https://fastapi.tiangolo.com/advanced/events/).
        
  return self.router.on_event(event_type)  # ty: ignore[deprecated]
D:\py\HealthAssistant\stage0\server.py:707: DeprecationWarning: 
        on_event is deprecated, use lifespan event handlers instead.

        Read more about it in the
        [FastAPI docs for Lifespan Events](https://fastapi.tiangolo.com/advanced/events/).
        
  @app.on_event("shutdown")
ok
test_empty_held_out_and_phase_filter_are_unavailable (stage0.test_product_closeout.CloseoutTests.test_empty_held_out_and_phase_filter_are_unavailable) ... ok
test_eval_rejects_wrong_content_and_error_content_leak (stage0.test_product_closeout.CloseoutTests.test_eval_rejects_wrong_content_and_error_content_leak) ... ok
test_evidence_metadata_preserves_content_ref (stage0.test_product_closeout.CloseoutTests.test_evidence_metadata_preserves_content_ref) ... local-demo auth profile: single-patient demo principal, no real authentication; do not expose beyond localhost
D:\py\HealthAssistant\stage0\server.py:702: DeprecationWarning: 
        on_event is deprecated, use lifespan event handlers instead.

        Read more about it in the
        [FastAPI docs for Lifespan Events](https://fastapi.tiangolo.com/advanced/events/).
        
  @app.on_event("startup")
D:\py\HealthAssistant\.venv\Lib\site-packages\fastapi\applications.py:4681: DeprecationWarning: 
        on_event is deprecated, use lifespan event handlers instead.

        Read more about it in the
        [FastAPI docs for Lifespan Events](https://fastapi.tiangolo.com/advanced/events/).
        
  return self.router.on_event(event_type)  # ty: ignore[deprecated]
D:\py\HealthAssistant\stage0\server.py:707: DeprecationWarning: 
        on_event is deprecated, use lifespan event handlers instead.

        Read more about it in the
        [FastAPI docs for Lifespan Events](https://fastapi.tiangolo.com/advanced/events/).
        
  @app.on_event("shutdown")
ok
test_legacy_run_without_attribution_is_not_zero_impact (stage0.test_product_closeout.CloseoutTests.test_legacy_run_without_attribution_is_not_zero_impact) ... local-demo auth profile: single-patient demo principal, no real authentication; do not expose beyond localhost
D:\py\HealthAssistant\stage0\server.py:702: DeprecationWarning: 
        on_event is deprecated, use lifespan event handlers instead.

        Read more about it in the
        [FastAPI docs for Lifespan Events](https://fastapi.tiangolo.com/advanced/events/).
        
  @app.on_event("startup")
D:\py\HealthAssistant\.venv\Lib\site-packages\fastapi\applications.py:4681: DeprecationWarning: 
        on_event is deprecated, use lifespan event handlers instead.

        Read more about it in the
        [FastAPI docs for Lifespan Events](https://fastapi.tiangolo.com/advanced/events/).
        
  return self.router.on_event(event_type)  # ty: ignore[deprecated]
D:\py\HealthAssistant\stage0\server.py:707: DeprecationWarning: 
        on_event is deprecated, use lifespan event handlers instead.

        Read more about it in the
        [FastAPI docs for Lifespan Events](https://fastapi.tiangolo.com/advanced/events/).
        
  @app.on_event("shutdown")
ok
test_run_impact_receipt_replays_without_later_changes (stage0.test_product_closeout.CloseoutTests.test_run_impact_receipt_replays_without_later_changes) ... local-demo auth profile: single-patient demo principal, no real authentication; do not expose beyond localhost
D:\py\HealthAssistant\stage0\server.py:702: DeprecationWarning: 
        on_event is deprecated, use lifespan event handlers instead.

        Read more about it in the
        [FastAPI docs for Lifespan Events](https://fastapi.tiangolo.com/advanced/events/).
        
  @app.on_event("startup")
D:\py\HealthAssistant\.venv\Lib\site-packages\fastapi\applications.py:4681: DeprecationWarning: 
        on_event is deprecated, use lifespan event handlers instead.

        Read more about it in the
        [FastAPI docs for Lifespan Events](https://fastapi.tiangolo.com/advanced/events/).
        
  return self.router.on_event(event_type)  # ty: ignore[deprecated]
D:\py\HealthAssistant\stage0\server.py:707: DeprecationWarning: 
        on_event is deprecated, use lifespan event handlers instead.

        Read more about it in the
        [FastAPI docs for Lifespan Events](https://fastapi.tiangolo.com/advanced/events/).
        
  @app.on_event("shutdown")
ok
test_since_excludes_old_invalidations_and_rejects_bad_time (stage0.test_product_closeout.CloseoutTests.test_since_excludes_old_invalidations_and_rejects_bad_time) ... local-demo auth profile: single-patient demo principal, no real authentication; do not expose beyond localhost
D:\py\HealthAssistant\stage0\server.py:702: DeprecationWarning: 
        on_event is deprecated, use lifespan event handlers instead.

        Read more about it in the
        [FastAPI docs for Lifespan Events](https://fastapi.tiangolo.com/advanced/events/).
        
  @app.on_event("startup")
D:\py\HealthAssistant\.venv\Lib\site-packages\fastapi\applications.py:4681: DeprecationWarning: 
        on_event is deprecated, use lifespan event handlers instead.

        Read more about it in the
        [FastAPI docs for Lifespan Events](https://fastapi.tiangolo.com/advanced/events/).
        
  return self.router.on_event(event_type)  # ty: ignore[deprecated]
D:\py\HealthAssistant\stage0\server.py:707: DeprecationWarning: 
        on_event is deprecated, use lifespan event handlers instead.

        Read more about it in the
        [FastAPI docs for Lifespan Events](https://fastapi.tiangolo.com/advanced/events/).
        
  @app.on_event("shutdown")
ok
test_bundle_present_and_same_source_as_payload (stage0.test_product_p1.AnswerBundleTests.test_bundle_present_and_same_source_as_payload) ... local-demo auth profile: single-patient demo principal, no real authentication; do not expose beyond localhost
D:\py\HealthAssistant\stage0\server.py:702: DeprecationWarning: 
        on_event is deprecated, use lifespan event handlers instead.

        Read more about it in the
        [FastAPI docs for Lifespan Events](https://fastapi.tiangolo.com/advanced/events/).
        
  @app.on_event("startup")
D:\py\HealthAssistant\.venv\Lib\site-packages\fastapi\applications.py:4681: DeprecationWarning: 
        on_event is deprecated, use lifespan event handlers instead.

        Read more about it in the
        [FastAPI docs for Lifespan Events](https://fastapi.tiangolo.com/advanced/events/).
        
  return self.router.on_event(event_type)  # ty: ignore[deprecated]
D:\py\HealthAssistant\stage0\server.py:707: DeprecationWarning: 
        on_event is deprecated, use lifespan event handlers instead.

        Read more about it in the
        [FastAPI docs for Lifespan Events](https://fastapi.tiangolo.com/advanced/events/).
        
  @app.on_event("shutdown")
ok
test_correction_marks_related_stale_only_and_counts_match_details (stage0.test_product_p1.ChangeImpactTests.test_correction_marks_related_stale_only_and_counts_match_details) ... local-demo auth profile: single-patient demo principal, no real authentication; do not expose beyond localhost
D:\py\HealthAssistant\stage0\server.py:702: DeprecationWarning: 
        on_event is deprecated, use lifespan event handlers instead.

        Read more about it in the
        [FastAPI docs for Lifespan Events](https://fastapi.tiangolo.com/advanced/events/).
        
  @app.on_event("startup")
D:\py\HealthAssistant\.venv\Lib\site-packages\fastapi\applications.py:4681: DeprecationWarning: 
        on_event is deprecated, use lifespan event handlers instead.

        Read more about it in the
        [FastAPI docs for Lifespan Events](https://fastapi.tiangolo.com/advanced/events/).
        
  return self.router.on_event(event_type)  # ty: ignore[deprecated]
D:\py\HealthAssistant\stage0\server.py:707: DeprecationWarning: 
        on_event is deprecated, use lifespan event handlers instead.

        Read more about it in the
        [FastAPI docs for Lifespan Events](https://fastapi.tiangolo.com/advanced/events/).
        
  @app.on_event("shutdown")
ok
test_no_recheck_hook_never_reads_as_all_clear (stage0.test_product_p1.ChangeImpactTests.test_no_recheck_hook_never_reads_as_all_clear) ... local-demo auth profile: single-patient demo principal, no real authentication; do not expose beyond localhost
D:\py\HealthAssistant\stage0\server.py:702: DeprecationWarning: 
        on_event is deprecated, use lifespan event handlers instead.

        Read more about it in the
        [FastAPI docs for Lifespan Events](https://fastapi.tiangolo.com/advanced/events/).
        
  @app.on_event("startup")
D:\py\HealthAssistant\.venv\Lib\site-packages\fastapi\applications.py:4681: DeprecationWarning: 
        on_event is deprecated, use lifespan event handlers instead.

        Read more about it in the
        [FastAPI docs for Lifespan Events](https://fastapi.tiangolo.com/advanced/events/).
        
  return self.router.on_event(event_type)  # ty: ignore[deprecated]
D:\py\HealthAssistant\stage0\server.py:707: DeprecationWarning: 
        on_event is deprecated, use lifespan event handlers instead.

        Read more about it in the
        [FastAPI docs for Lifespan Events](https://fastapi.tiangolo.com/advanced/events/).
        
  @app.on_event("shutdown")
ok
test_invalid_page_params_rejected (stage0.test_product_p1.EvidenceReadApiTests.test_invalid_page_params_rejected) ... local-demo auth profile: single-patient demo principal, no real authentication; do not expose beyond localhost
D:\py\HealthAssistant\stage0\server.py:702: DeprecationWarning: 
        on_event is deprecated, use lifespan event handlers instead.

        Read more about it in the
        [FastAPI docs for Lifespan Events](https://fastapi.tiangolo.com/advanced/events/).
        
  @app.on_event("startup")
D:\py\HealthAssistant\.venv\Lib\site-packages\fastapi\applications.py:4681: DeprecationWarning: 
        on_event is deprecated, use lifespan event handlers instead.

        Read more about it in the
        [FastAPI docs for Lifespan Events](https://fastapi.tiangolo.com/advanced/events/).
        
  return self.router.on_event(event_type)  # ty: ignore[deprecated]
D:\py\HealthAssistant\stage0\server.py:707: DeprecationWarning: 
        on_event is deprecated, use lifespan event handlers instead.

        Read more about it in the
        [FastAPI docs for Lifespan Events](https://fastapi.tiangolo.com/advanced/events/).
        
  @app.on_event("shutdown")
ok
test_missing_and_cross_scope_share_one_error (stage0.test_product_p1.EvidenceReadApiTests.test_missing_and_cross_scope_share_one_error) ... local-demo auth profile: single-patient demo principal, no real authentication; do not expose beyond localhost
D:\py\HealthAssistant\stage0\server.py:702: DeprecationWarning: 
        on_event is deprecated, use lifespan event handlers instead.

        Read more about it in the
        [FastAPI docs for Lifespan Events](https://fastapi.tiangolo.com/advanced/events/).
        
  @app.on_event("startup")
D:\py\HealthAssistant\.venv\Lib\site-packages\fastapi\applications.py:4681: DeprecationWarning: 
        on_event is deprecated, use lifespan event handlers instead.

        Read more about it in the
        [FastAPI docs for Lifespan Events](https://fastapi.tiangolo.com/advanced/events/).
        
  return self.router.on_event(event_type)  # ty: ignore[deprecated]
D:\py\HealthAssistant\stage0\server.py:707: DeprecationWarning: 
        on_event is deprecated, use lifespan event handlers instead.

        Read more about it in the
        [FastAPI docs for Lifespan Events](https://fastapi.tiangolo.com/advanced/events/).
        
  @app.on_event("shutdown")
ok
test_pagination_shape_and_meta (stage0.test_product_p1.EvidenceReadApiTests.test_pagination_shape_and_meta) ... local-demo auth profile: single-patient demo principal, no real authentication; do not expose beyond localhost
D:\py\HealthAssistant\stage0\server.py:702: DeprecationWarning: 
        on_event is deprecated, use lifespan event handlers instead.

        Read more about it in the
        [FastAPI docs for Lifespan Events](https://fastapi.tiangolo.com/advanced/events/).
        
  @app.on_event("startup")
D:\py\HealthAssistant\.venv\Lib\site-packages\fastapi\applications.py:4681: DeprecationWarning: 
        on_event is deprecated, use lifespan event handlers instead.

        Read more about it in the
        [FastAPI docs for Lifespan Events](https://fastapi.tiangolo.com/advanced/events/).
        
  return self.router.on_event(event_type)  # ty: ignore[deprecated]
D:\py\HealthAssistant\stage0\server.py:707: DeprecationWarning: 
        on_event is deprecated, use lifespan event handlers instead.

        Read more about it in the
        [FastAPI docs for Lifespan Events](https://fastapi.tiangolo.com/advanced/events/).
        
  @app.on_event("shutdown")
ok
test_repeat_read_is_stable_and_unknown_version_stays_null (stage0.test_product_p1.EvidenceReadApiTests.test_repeat_read_is_stable_and_unknown_version_stays_null) ... local-demo auth profile: single-patient demo principal, no real authentication; do not expose beyond localhost
D:\py\HealthAssistant\stage0\server.py:702: DeprecationWarning: 
        on_event is deprecated, use lifespan event handlers instead.

        Read more about it in the
        [FastAPI docs for Lifespan Events](https://fastapi.tiangolo.com/advanced/events/).
        
  @app.on_event("startup")
D:\py\HealthAssistant\.venv\Lib\site-packages\fastapi\applications.py:4681: DeprecationWarning: 
        on_event is deprecated, use lifespan event handlers instead.

        Read more about it in the
        [FastAPI docs for Lifespan Events](https://fastapi.tiangolo.com/advanced/events/).
        
  return self.router.on_event(event_type)  # ty: ignore[deprecated]
D:\py\HealthAssistant\stage0\server.py:707: DeprecationWarning: 
        on_event is deprecated, use lifespan event handlers instead.

        Read more about it in the
        [FastAPI docs for Lifespan Events](https://fastapi.tiangolo.com/advanced/events/).
        
  @app.on_event("shutdown")
ok
test_tampered_content_refused (stage0.test_product_p1.EvidenceReadApiTests.test_tampered_content_refused) ... local-demo auth profile: single-patient demo principal, no real authentication; do not expose beyond localhost
D:\py\HealthAssistant\stage0\server.py:702: DeprecationWarning: 
        on_event is deprecated, use lifespan event handlers instead.

        Read more about it in the
        [FastAPI docs for Lifespan Events](https://fastapi.tiangolo.com/advanced/events/).
        
  @app.on_event("startup")
D:\py\HealthAssistant\.venv\Lib\site-packages\fastapi\applications.py:4681: DeprecationWarning: 
        on_event is deprecated, use lifespan event handlers instead.

        Read more about it in the
        [FastAPI docs for Lifespan Events](https://fastapi.tiangolo.com/advanced/events/).
        
  return self.router.on_event(event_type)  # ty: ignore[deprecated]
D:\py\HealthAssistant\stage0\server.py:707: DeprecationWarning: 
        on_event is deprecated, use lifespan event handlers instead.

        Read more about it in the
        [FastAPI docs for Lifespan Events](https://fastapi.tiangolo.com/advanced/events/).
        
  @app.on_event("shutdown")
ok
test_legacy_sources_report_unavailable_not_fabricated (stage0.test_product_p1.LegacyEvidenceUnavailableTests.test_legacy_sources_report_unavailable_not_fabricated) ... local-demo auth profile: single-patient demo principal, no real authentication; do not expose beyond localhost
D:\py\HealthAssistant\stage0\server.py:702: DeprecationWarning: 
        on_event is deprecated, use lifespan event handlers instead.

        Read more about it in the
        [FastAPI docs for Lifespan Events](https://fastapi.tiangolo.com/advanced/events/).
        
  @app.on_event("startup")
D:\py\HealthAssistant\.venv\Lib\site-packages\fastapi\applications.py:4681: DeprecationWarning: 
        on_event is deprecated, use lifespan event handlers instead.

        Read more about it in the
        [FastAPI docs for Lifespan Events](https://fastapi.tiangolo.com/advanced/events/).
        
  return self.router.on_event(event_type)  # ty: ignore[deprecated]
D:\py\HealthAssistant\stage0\server.py:707: DeprecationWarning: 
        on_event is deprecated, use lifespan event handlers instead.

        Read more about it in the
        [FastAPI docs for Lifespan Events](https://fastapi.tiangolo.com/advanced/events/).
        
  @app.on_event("shutdown")
ok
test_recorded_warning_citation_carries_readable_evidence (stage0.test_product_p1.WarningEvidenceLinkageTests.test_recorded_warning_citation_carries_readable_evidence) ... local-demo auth profile: single-patient demo principal, no real authentication; do not expose beyond localhost
D:\py\HealthAssistant\stage0\server.py:702: DeprecationWarning: 
        on_event is deprecated, use lifespan event handlers instead.

        Read more about it in the
        [FastAPI docs for Lifespan Events](https://fastapi.tiangolo.com/advanced/events/).
        
  @app.on_event("startup")
D:\py\HealthAssistant\.venv\Lib\site-packages\fastapi\applications.py:4681: DeprecationWarning: 
        on_event is deprecated, use lifespan event handlers instead.

        Read more about it in the
        [FastAPI docs for Lifespan Events](https://fastapi.tiangolo.com/advanced/events/).
        
  return self.router.on_event(event_type)  # ty: ignore[deprecated]
D:\py\HealthAssistant\stage0\server.py:707: DeprecationWarning: 
        on_event is deprecated, use lifespan event handlers instead.

        Read more about it in the
        [FastAPI docs for Lifespan Events](https://fastapi.tiangolo.com/advanced/events/).
        
  @app.on_event("shutdown")
ok
test_dev_suite_runs_with_real_service (stage0.test_product_evals.DevSuiteTests.test_dev_suite_runs_with_real_service) ... local-demo auth profile: single-patient demo principal, no real authentication; do not expose beyond localhost
D:\py\HealthAssistant\stage0\server.py:702: DeprecationWarning: 
        on_event is deprecated, use lifespan event handlers instead.

        Read more about it in the
        [FastAPI docs for Lifespan Events](https://fastapi.tiangolo.com/advanced/events/).
        
  @app.on_event("startup")
D:\py\HealthAssistant\.venv\Lib\site-packages\fastapi\applications.py:4681: DeprecationWarning: 
        on_event is deprecated, use lifespan event handlers instead.

        Read more about it in the
        [FastAPI docs for Lifespan Events](https://fastapi.tiangolo.com/advanced/events/).
        
  return self.router.on_event(event_type)  # ty: ignore[deprecated]
D:\py\HealthAssistant\stage0\server.py:707: DeprecationWarning: 
        on_event is deprecated, use lifespan event handlers instead.

        Read more about it in the
        [FastAPI docs for Lifespan Events](https://fastapi.tiangolo.com/advanced/events/).
        
  @app.on_event("shutdown")
local-demo auth profile: single-patient demo principal, no real authentication; do not expose beyond localhost
D:\py\HealthAssistant\stage0\server.py:702: DeprecationWarning: 
        on_event is deprecated, use lifespan event handlers instead.

        Read more about it in the
        [FastAPI docs for Lifespan Events](https://fastapi.tiangolo.com/advanced/events/).
        
  @app.on_event("startup")
D:\py\HealthAssistant\.venv\Lib\site-packages\fastapi\applications.py:4681: DeprecationWarning: 
        on_event is deprecated, use lifespan event handlers instead.

        Read more about it in the
        [FastAPI docs for Lifespan Events](https://fastapi.tiangolo.com/advanced/events/).
        
  return self.router.on_event(event_type)  # ty: ignore[deprecated]
D:\py\HealthAssistant\stage0\server.py:707: DeprecationWarning: 
        on_event is deprecated, use lifespan event handlers instead.

        Read more about it in the
        [FastAPI docs for Lifespan Events](https://fastapi.tiangolo.com/advanced/events/).
        
  @app.on_event("shutdown")
local-demo auth profile: single-patient demo principal, no real authentication; do not expose beyond localhost
D:\py\HealthAssistant\stage0\server.py:702: DeprecationWarning: 
        on_event is deprecated, use lifespan event handlers instead.

        Read more about it in the
        [FastAPI docs for Lifespan Events](https://fastapi.tiangolo.com/advanced/events/).
        
  @app.on_event("startup")
D:\py\HealthAssistant\.venv\Lib\site-packages\fastapi\applications.py:4681: DeprecationWarning: 
        on_event is deprecated, use lifespan event handlers instead.

        Read more about it in the
        [FastAPI docs for Lifespan Events](https://fastapi.tiangolo.com/advanced/events/).
        
  return self.router.on_event(event_type)  # ty: ignore[deprecated]
D:\py\HealthAssistant\stage0\server.py:707: DeprecationWarning: 
        on_event is deprecated, use lifespan event handlers instead.

        Read more about it in the
        [FastAPI docs for Lifespan Events](https://fastapi.tiangolo.com/advanced/events/).
        
  @app.on_event("shutdown")
local-demo auth profile: single-patient demo principal, no real authentication; do not expose beyond localhost
D:\py\HealthAssistant\stage0\server.py:702: DeprecationWarning: 
        on_event is deprecated, use lifespan event handlers instead.

        Read more about it in the
        [FastAPI docs for Lifespan Events](https://fastapi.tiangolo.com/advanced/events/).
        
  @app.on_event("startup")
D:\py\HealthAssistant\.venv\Lib\site-packages\fastapi\applications.py:4681: DeprecationWarning: 
        on_event is deprecated, use lifespan event handlers instead.

        Read more about it in the
        [FastAPI docs for Lifespan Events](https://fastapi.tiangolo.com/advanced/events/).
        
  return self.router.on_event(event_type)  # ty: ignore[deprecated]
D:\py\HealthAssistant\stage0\server.py:707: DeprecationWarning: 
        on_event is deprecated, use lifespan event handlers instead.

        Read more about it in the
        [FastAPI docs for Lifespan Events](https://fastapi.tiangolo.com/advanced/events/).
        
  @app.on_event("shutdown")
local-demo auth profile: single-patient demo principal, no real authentication; do not expose beyond localhost
D:\py\HealthAssistant\stage0\server.py:702: DeprecationWarning: 
        on_event is deprecated, use lifespan event handlers instead.

        Read more about it in the
        [FastAPI docs for Lifespan Events](https://fastapi.tiangolo.com/advanced/events/).
        
  @app.on_event("startup")
D:\py\HealthAssistant\.venv\Lib\site-packages\fastapi\applications.py:4681: DeprecationWarning: 
        on_event is deprecated, use lifespan event handlers instead.

        Read more about it in the
        [FastAPI docs for Lifespan Events](https://fastapi.tiangolo.com/advanced/events/).
        
  return self.router.on_event(event_type)  # ty: ignore[deprecated]
D:\py\HealthAssistant\stage0\server.py:707: DeprecationWarning: 
        on_event is deprecated, use lifespan event handlers instead.

        Read more about it in the
        [FastAPI docs for Lifespan Events](https://fastapi.tiangolo.com/advanced/events/).
        
  @app.on_event("shutdown")
local-demo auth profile: single-patient demo principal, no real authentication; do not expose beyond localhost
D:\py\HealthAssistant\stage0\server.py:702: DeprecationWarning: 
        on_event is deprecated, use lifespan event handlers instead.

        Read more about it in the
        [FastAPI docs for Lifespan Events](https://fastapi.tiangolo.com/advanced/events/).
        
  @app.on_event("startup")
D:\py\HealthAssistant\.venv\Lib\site-packages\fastapi\applications.py:4681: DeprecationWarning: 
        on_event is deprecated, use lifespan event handlers instead.

        Read more about it in the
        [FastAPI docs for Lifespan Events](https://fastapi.tiangolo.com/advanced/events/).
        
  return self.router.on_event(event_type)  # ty: ignore[deprecated]
D:\py\HealthAssistant\stage0\server.py:707: DeprecationWarning: 
        on_event is deprecated, use lifespan event handlers instead.

        Read more about it in the
        [FastAPI docs for Lifespan Events](https://fastapi.tiangolo.com/advanced/events/).
        
  @app.on_event("shutdown")
local-demo auth profile: single-patient demo principal, no real authentication; do not expose beyond localhost
D:\py\HealthAssistant\stage0\server.py:702: DeprecationWarning: 
        on_event is deprecated, use lifespan event handlers instead.

        Read more about it in the
        [FastAPI docs for Lifespan Events](https://fastapi.tiangolo.com/advanced/events/).
        
  @app.on_event("startup")
D:\py\HealthAssistant\.venv\Lib\site-packages\fastapi\applications.py:4681: DeprecationWarning: 
        on_event is deprecated, use lifespan event handlers instead.

        Read more about it in the
        [FastAPI docs for Lifespan Events](https://fastapi.tiangolo.com/advanced/events/).
        
  return self.router.on_event(event_type)  # ty: ignore[deprecated]
D:\py\HealthAssistant\stage0\server.py:707: DeprecationWarning: 
        on_event is deprecated, use lifespan event handlers instead.

        Read more about it in the
        [FastAPI docs for Lifespan Events](https://fastapi.tiangolo.com/advanced/events/).
        
  @app.on_event("shutdown")
local-demo auth profile: single-patient demo principal, no real authentication; do not expose beyond localhost
D:\py\HealthAssistant\stage0\server.py:702: DeprecationWarning: 
        on_event is deprecated, use lifespan event handlers instead.

        Read more about it in the
        [FastAPI docs for Lifespan Events](https://fastapi.tiangolo.com/advanced/events/).
        
  @app.on_event("startup")
D:\py\HealthAssistant\.venv\Lib\site-packages\fastapi\applications.py:4681: DeprecationWarning: 
        on_event is deprecated, use lifespan event handlers instead.

        Read more about it in the
        [FastAPI docs for Lifespan Events](https://fastapi.tiangolo.com/advanced/events/).
        
  return self.router.on_event(event_type)  # ty: ignore[deprecated]
D:\py\HealthAssistant\stage0\server.py:707: DeprecationWarning: 
        on_event is deprecated, use lifespan event handlers instead.

        Read more about it in the
        [FastAPI docs for Lifespan Events](https://fastapi.tiangolo.com/advanced/events/).
        
  @app.on_event("shutdown")
local-demo auth profile: single-patient demo principal, no real authentication; do not expose beyond localhost
D:\py\HealthAssistant\stage0\server.py:702: DeprecationWarning: 
        on_event is deprecated, use lifespan event handlers instead.

        Read more about it in the
        [FastAPI docs for Lifespan Events](https://fastapi.tiangolo.com/advanced/events/).
        
  @app.on_event("startup")
D:\py\HealthAssistant\.venv\Lib\site-packages\fastapi\applications.py:4681: DeprecationWarning: 
        on_event is deprecated, use lifespan event handlers instead.

        Read more about it in the
        [FastAPI docs for Lifespan Events](https://fastapi.tiangolo.com/advanced/events/).
        
  return self.router.on_event(event_type)  # ty: ignore[deprecated]
D:\py\HealthAssistant\stage0\server.py:707: DeprecationWarning: 
        on_event is deprecated, use lifespan event handlers instead.

        Read more about it in the
        [FastAPI docs for Lifespan Events](https://fastapi.tiangolo.com/advanced/events/).
        
  @app.on_event("shutdown")
local-demo auth profile: single-patient demo principal, no real authentication; do not expose beyond localhost
D:\py\HealthAssistant\stage0\server.py:702: DeprecationWarning: 
        on_event is deprecated, use lifespan event handlers instead.

        Read more about it in the
        [FastAPI docs for Lifespan Events](https://fastapi.tiangolo.com/advanced/events/).
        
  @app.on_event("startup")
D:\py\HealthAssistant\.venv\Lib\site-packages\fastapi\applications.py:4681: DeprecationWarning: 
        on_event is deprecated, use lifespan event handlers instead.

        Read more about it in the
        [FastAPI docs for Lifespan Events](https://fastapi.tiangolo.com/advanced/events/).
        
  return self.router.on_event(event_type)  # ty: ignore[deprecated]
D:\py\HealthAssistant\stage0\server.py:707: DeprecationWarning: 
        on_event is deprecated, use lifespan event handlers instead.

        Read more about it in the
        [FastAPI docs for Lifespan Events](https://fastapi.tiangolo.com/advanced/events/).
        
  @app.on_event("shutdown")
local-demo auth profile: single-patient demo principal, no real authentication; do not expose beyond localhost
D:\py\HealthAssistant\stage0\server.py:702: DeprecationWarning: 
        on_event is deprecated, use lifespan event handlers instead.

        Read more about it in the
        [FastAPI docs for Lifespan Events](https://fastapi.tiangolo.com/advanced/events/).
        
  @app.on_event("startup")
D:\py\HealthAssistant\.venv\Lib\site-packages\fastapi\applications.py:4681: DeprecationWarning: 
        on_event is deprecated, use lifespan event handlers instead.

        Read more about it in the
        [FastAPI docs for Lifespan Events](https://fastapi.tiangolo.com/advanced/events/).
        
  return self.router.on_event(event_type)  # ty: ignore[deprecated]
D:\py\HealthAssistant\stage0\server.py:707: DeprecationWarning: 
        on_event is deprecated, use lifespan event handlers instead.

        Read more about it in the
        [FastAPI docs for Lifespan Events](https://fastapi.tiangolo.com/advanced/events/).
        
  @app.on_event("shutdown")
local-demo auth profile: single-patient demo principal, no real authentication; do not expose beyond localhost
D:\py\HealthAssistant\stage0\server.py:702: DeprecationWarning: 
        on_event is deprecated, use lifespan event handlers instead.

        Read more about it in the
        [FastAPI docs for Lifespan Events](https://fastapi.tiangolo.com/advanced/events/).
        
  @app.on_event("startup")
D:\py\HealthAssistant\.venv\Lib\site-packages\fastapi\applications.py:4681: DeprecationWarning: 
        on_event is deprecated, use lifespan event handlers instead.

        Read more about it in the
        [FastAPI docs for Lifespan Events](https://fastapi.tiangolo.com/advanced/events/).
        
  return self.router.on_event(event_type)  # ty: ignore[deprecated]
D:\py\HealthAssistant\stage0\server.py:707: DeprecationWarning: 
        on_event is deprecated, use lifespan event handlers instead.

        Read more about it in the
        [FastAPI docs for Lifespan Events](https://fastapi.tiangolo.com/advanced/events/).
        
  @app.on_event("shutdown")
ok
test_forced_failure_returns_nonzero (stage0.test_product_evals.DevSuiteTests.test_forced_failure_returns_nonzero) ... local-demo auth profile: single-patient demo principal, no real authentication; do not expose beyond localhost
D:\py\HealthAssistant\stage0\server.py:702: DeprecationWarning: 
        on_event is deprecated, use lifespan event handlers instead.

        Read more about it in the
        [FastAPI docs for Lifespan Events](https://fastapi.tiangolo.com/advanced/events/).
        
  @app.on_event("startup")
D:\py\HealthAssistant\.venv\Lib\site-packages\fastapi\applications.py:4681: DeprecationWarning: 
        on_event is deprecated, use lifespan event handlers instead.

        Read more about it in the
        [FastAPI docs for Lifespan Events](https://fastapi.tiangolo.com/advanced/events/).
        
  return self.router.on_event(event_type)  # ty: ignore[deprecated]
D:\py\HealthAssistant\stage0\server.py:707: DeprecationWarning: 
        on_event is deprecated, use lifespan event handlers instead.

        Read more about it in the
        [FastAPI docs for Lifespan Events](https://fastapi.tiangolo.com/advanced/events/).
        
  @app.on_event("shutdown")
ok
test_missing_task_data_is_unavailable_not_pass (stage0.test_product_evals.DevSuiteTests.test_missing_task_data_is_unavailable_not_pass) ... ok

----------------------------------------------------------------------
Ran 22 tests in 11.146s

OK
