Collecting opentelemetry-sdk
  Downloading opentelemetry_sdk-1.44.0-py3-none-any.whl.metadata (1.6 kB)
Collecting opentelemetry-exporter-otlp-proto-http
  Downloading opentelemetry_exporter_otlp_proto_http-1.44.0-py3-none-any.whl.metadata (2.4 kB)
Collecting opentelemetry-api==1.44.0 (from opentelemetry-sdk)
  Downloading opentelemetry_api-1.44.0-py3-none-any.whl.metadata (1.4 kB)
Collecting opentelemetry-semantic-conventions==0.65b0 (from opentelemetry-sdk)
  Downloading opentelemetry_semantic_conventions-0.65b0-py3-none-any.whl.metadata (2.4 kB)
Requirement already satisfied: typing-extensions>=4.5.0 in d:\py\healthassistant\.venv\lib\site-packages (from opentelemetry-sdk) (4.16.0)
Collecting googleapis-common-protos~=1.52 (from opentelemetry-exporter-otlp-proto-http)
  Downloading googleapis_common_protos-1.75.3-py3-none-any.whl.metadata (8.5 kB)
Collecting opentelemetry-exporter-otlp-proto-common==1.44.0 (from opentelemetry-exporter-otlp-proto-http)
  Downloading opentelemetry_exporter_otlp_proto_common-1.44.0-py3-none-any.whl.metadata (1.8 kB)
Collecting opentelemetry-proto==1.44.0 (from opentelemetry-exporter-otlp-proto-http)
  Downloading opentelemetry_proto-1.44.0-py3-none-any.whl.metadata (2.3 kB)
Requirement already satisfied: requests~=2.7 in d:\py\healthassistant\.venv\lib\site-packages (from opentelemetry-exporter-otlp-proto-http) (2.34.2)
Collecting protobuf<8.0,>=5.0 (from opentelemetry-proto==1.44.0->opentelemetry-exporter-otlp-proto-http)
  Downloading protobuf-7.36.1-cp310-abi3-win_amd64.whl.metadata (595 bytes)
Requirement already satisfied: charset_normalizer<4,>=2 in d:\py\healthassistant\.venv\lib\site-packages (from requests~=2.7->opentelemetry-exporter-otlp-proto-http) (3.5.1)
Requirement already satisfied: idna<4,>=2.5 in d:\py\healthassistant\.venv\lib\site-packages (from requests~=2.7->opentelemetry-exporter-otlp-proto-http) (3.19)
Requirement already satisfied: urllib3<3,>=1.26 in d:\py\healthassistant\.venv\lib\site-packages (from requests~=2.7->opentelemetry-exporter-otlp-proto-http) (2.7.0)
Requirement already satisfied: certifi>=2023.5.7 in d:\py\healthassistant\.venv\lib\site-packages (from requests~=2.7->opentelemetry-exporter-otlp-proto-http) (2026.7.22)
Downloading opentelemetry_sdk-1.44.0-py3-none-any.whl (137 kB)
Downloading opentelemetry_api-1.44.0-py3-none-any.whl (60 kB)
Downloading opentelemetry_semantic_conventions-0.65b0-py3-none-any.whl (204 kB)
Downloading opentelemetry_exporter_otlp_proto_http-1.44.0-py3-none-any.whl (21 kB)
Downloading opentelemetry_exporter_otlp_proto_common-1.44.0-py3-none-any.whl (17 kB)
Downloading opentelemetry_proto-1.44.0-py3-none-any.whl (72 kB)
Downloading googleapis_common_protos-1.75.3-py3-none-any.whl (306 kB)
Downloading protobuf-7.36.1-cp310-abi3-win_amd64.whl (456 kB)
Installing collected packages: protobuf, opentelemetry-api, opentelemetry-semantic-conventions, opentelemetry-proto, googleapis-common-protos, opentelemetry-sdk, opentelemetry-exporter-otlp-proto-common, opentelemetry-exporter-otlp-proto-http

Successfully installed googleapis-common-protos-1.75.3 opentelemetry-api-1.44.0 opentelemetry-exporter-otlp-proto-common-1.44.0 opentelemetry-exporter-otlp-proto-http-1.44.0 opentelemetry-proto-1.44.0 opentelemetry-sdk-1.44.0 opentelemetry-semantic-conventions-0.65b0 protobuf-7.36.1

[notice] A new release of pip is available: 25.1.1 -> 26.2.1
[notice] To update, run: D:\py\HealthAssistant\.venv\Scripts\python.exe -m pip install --upgrade pip
