local-demo auth profile: single-patient demo principal, no real authentication; do not expose beyond localhost
local-demo auth profile: single-patient demo principal, no real authentication; do not expose beyond localhost
local-demo auth profile: single-patient demo principal, no real authentication; do not expose beyond localhost
local-demo auth profile: single-patient demo principal, no real authentication; do not expose beyond localhost
local-demo auth profile: single-patient demo principal, no real authentication; do not expose beyond localhost
local-demo auth profile: single-patient demo principal, no real authentication; do not expose beyond localhost
local-demo auth profile: single-patient demo principal, no real authentication; do not expose beyond localhost
local-demo auth profile: single-patient demo principal, no real authentication; do not expose beyond localhost
{
  "suite": "dev",
  "dataset_version": "dev-1",
  "ran_at": "2026-09-08T06:18:25+00:00",
  "phases": [
    "P1"
  ],
  "environment": {
    "provider": "scripted",
    "note": "合成评测,无真实模型调用;临时合成库"
  },
  "summary": {
    "total": 8,
    "passed": 8,
    "failed": 0,
    "unavailable": 0
  },
  "failures": [],
  "tasks": [
    {
      "task_id": "dev-p1-ev-001",
      "duration_ms": 221.1,
      "result": "passed"
    },
    {
      "task_id": "dev-p1-ev-002",
      "duration_ms": 88.2,
      "result": "passed"
    },
    {
      "task_id": "dev-p1-ev-003",
      "duration_ms": 86.1,
      "result": "passed"
    },
    {
      "task_id": "dev-p1-ev-004",
      "duration_ms": 87.3,
      "result": "passed"
    },
    {
      "task_id": "dev-p1-ev-005",
      "duration_ms": 94.3,
      "result": "passed"
    },
    {
      "task_id": "dev-p1-ev-006",
      "duration_ms": 91.2,
      "result": "passed"
    },
    {
      "task_id": "dev-p1-imp-007",
      "duration_ms": 1033.1,
      "result": "passed"
    },
    {
      "task_id": "dev-p1-imp-008",
      "duration_ms": 779.4,
      "result": "passed"
    }
  ],
  "overall": "pass"
}
